// Vitest Snapshot v1, https://vitest.dev/guide/snapshot.html

exports[`password page > renders initial state 1`] = `
<DocumentFragment>
  <div
    class="dark fixed left-0 top-0 -z-10 bg-[url('/barbell.jpg')] bg-cover bg-[30%] bg-no-repeat object-cover"
  >
    <div
      class="relative h-screen w-screen overflow-auto px-4 pb-2 pt-10"
    >
      <div
        class="flex h-full flex-col items-center justify-between gap-20"
      >
        <div
          class="w-full max-w-xs rounded-lg border bg-background px-4 pb-6 pt-4 text-foreground sm:px-6"
        >
          <div>
            <div
              class="mb-4 flex w-full justify-center"
            >
              <span
                class="flex items-center gap-2 text-lg"
              >
                <img
                  alt="maxWellness logo"
                  class="h-6 w-6"
                  data-nimg="1"
                  decoding="async"
                  height="24"
                  loading="lazy"
                  src="/_next/image?url=%2Fandroid-chrome-192x192.png&w=48&q=75"
                  srcset="/_next/image?url=%2Fandroid-chrome-192x192.png&w=32&q=75 1x, /_next/image?url=%2Fandroid-chrome-192x192.png&w=48&q=75 2x"
                  style="color: transparent;"
                  width="24"
                />
                maxWellness
              </span>
            </div>
            <h1
              class="mb-2 font-bold"
            >
              Reset Password
            </h1>
          </div>
          <form
            class="grid gap-2"
            novalidate=""
          >
            <div
              class="relative"
            >
              <label
                class="text-sm font-medium leading-none peer-disabled:cursor-not-allowed peer-disabled:opacity-70"
                for="email"
              >
                Email
              </label>
              <input
                class="flex h-9 w-full rounded-md border bg-transparent px-3 py-1 text-sm text-inherit shadow-sm transition-colors file:border-0 file:bg-transparent file:text-sm file:font-medium file:text-foreground placeholder:text-muted-foreground focus-visible:outline-none focus-visible:ring-1 focus-visible:ring-ring disabled:cursor-not-allowed disabled:opacity-50 border-input"
                id="email"
                maxlength="50"
                name="email"
                type="email"
                value=""
              />
            </div>
            <div
              class="mt-2 grid gap-4"
            >
              <button
                class="inline-flex items-center justify-center whitespace-nowrap rounded-md text-sm font-medium transition-colors focus-visible:outline-none focus-visible:ring-1 focus-visible:ring-ring disabled:pointer-events-none disabled:opacity-50 bg-primary text-primary-foreground shadow hover:bg-primary/90 h-10 px-4 py-2"
                type="submit"
              >
                Send Link
              </button>
            </div>
          </form>
          <footer
            class="mt-4 grid gap-2 text-sm"
          >
            <div>
              <a
                class="underline"
                href="/login"
              >
                Return to Login
              </a>
            </div>
            <div
              class="flex flex-wrap gap-x-1.5"
            >
              <p
                class="whitespace-nowrap"
              >
                Need an account?
              </p>
              <a
                class="underline"
                href="/register"
              >
                Sign Up
              </a>
            </div>
          </footer>
        </div>
        <a
          class="text-sm text-foreground"
          href="https://maxmonis.com"
          rel="noreferrer"
          target="_blank"
        >
          Â© Max Monis 2019-2024
        </a>
      </div>
    </div>
  </div>
</DocumentFragment>
`;
